Command line invocation:
    /Applications/Xcode.app/Contents/Developer/usr/bin/xcodebuild test-without-building -destination "platform=iOS Simulator,name=iPhone SE (3rd generation),OS=18.0" -xctestrun muter.xctestrun

User defaults from command line:
    IDEPackageSupportUseBuiltinSCM = YES

--- xcodebuild: WARNING: Using the first of multiple matching destinations:
{ platform:iOS Simulator, id:23EDA52E-7B59-42EB-AAAA-4A57CFAB6C0A, OS:18.0, name:iPhone SE (3rd generation) }
{ platform:iOS Simulator, id:23EDA52E-7B59-42EB-AAAA-4A57CFAB6C0A, OS:18.0, name:iPhone SE (3rd generation) }
Testing started
Test Suite 'All tests' started at 2025-05-28 12:17:29.641.
Test Suite 'WFCoreTests.xctest' started at 2025-05-28 12:17:29.641.
Test Suite 'WFCoreTests' started at 2025-05-28 12:17:29.641.
Test Case '-[WFCoreTests.WFCoreTests testComapreTwoStrings]' started.
/Users/kogilapriadarsininathan/Documents/Projects/WFCore_mutated/Tests/WFCoreTests/WFCoreTests.swift:14: error: -[WFCoreTests.WFCoreTests testComapreTwoStrings] : XCTAssertTrue failed
Test Case '-[WFCoreTests.WFCoreTests testComapreTwoStrings]' failed (0.115 seconds).
Test Case '-[WFCoreTests.WFCoreTests testExample]' started.
Test Case '-[WFCoreTests.WFCoreTests testExample]' passed (0.000 seconds).
Test Suite 'WFCoreTests' failed at 2025-05-28 12:17:29.756.
	 Executed 2 tests, with 1 failure (0 unexpected) in 0.115 (0.115) seconds
Test Suite 'WFCoreTests.xctest' failed at 2025-05-28 12:17:29.757.
	 Executed 2 tests, with 1 failure (0 unexpected) in 0.115 (0.116) seconds
Test Suite 'All tests' failed at 2025-05-28 12:17:29.757.
	 Executed 2 tests, with 1 failure (0 unexpected) in 0.115 (0.116) seconds

Test session results, code coverage, and logs:
	/Users/kogilapriadarsininathan/Library/Developer/Xcode/DerivedData/WFCore_mutated-adxwzjbohgwdyrebqnsngubilubh/Logs/Test/Test-WFCore-2025.05.28_12-17-25-+0530.xcresult

Failing tests:
	WFCoreTests.testComapreTwoStrings()

** TEST EXECUTE FAILED **

